{
    "-profile test": {
        "content": [
            [
                "evaluation",
                "evaluation/ddi_report.html",
                "evaluation/ddi_report_data",
                "evaluation/ddi_report_data/llms-full.txt",
                "evaluation/ddi_report_data/multiqc.log",
                "evaluation/ddi_report_data/multiqc.parquet",
                "evaluation/ddi_report_data/multiqc_citations.txt",
                "evaluation/ddi_report_data/multiqc_combined_pairwise_significance_external_test.txt",
                "evaluation/ddi_report_data/multiqc_combined_pairwise_significance_random_balanced.txt",
                "evaluation/ddi_report_data/multiqc_combined_pairwise_significance_random_realistic.txt",
                "evaluation/ddi_report_data/multiqc_combined_pr_curves.txt",
                "evaluation/ddi_report_data/multiqc_combined_pr_curves_1.txt",
                "evaluation/ddi_report_data/multiqc_combined_pr_curves_2.txt",
                "evaluation/ddi_report_data/multiqc_combined_pr_curves_3.txt",
                "evaluation/ddi_report_data/multiqc_combined_pr_curves_4.txt",
                "evaluation/ddi_report_data/multiqc_combined_pr_curves_5.txt",
                "evaluation/ddi_report_data/multiqc_combined_pr_curves_6.txt",
                "evaluation/ddi_report_data/multiqc_combined_pr_curves_7.txt",
                "evaluation/ddi_report_data/multiqc_combined_pr_curves_db_level.txt",
                "evaluation/ddi_report_data/multiqc_combined_pr_curves_db_level_1.txt",
                "evaluation/ddi_report_data/multiqc_combined_pr_curves_db_level_2.txt",
                "evaluation/ddi_report_data/multiqc_combined_roc_curves.txt",
                "evaluation/ddi_report_data/multiqc_combined_roc_curves_1.txt",
                "evaluation/ddi_report_data/multiqc_combined_roc_curves_2.txt",
                "evaluation/ddi_report_data/multiqc_combined_roc_curves_3.txt",
                "evaluation/ddi_report_data/multiqc_combined_roc_curves_4.txt",
                "evaluation/ddi_report_data/multiqc_combined_roc_curves_5.txt",
                "evaluation/ddi_report_data/multiqc_combined_roc_curves_6.txt",
                "evaluation/ddi_report_data/multiqc_combined_roc_curves_7.txt",
                "evaluation/ddi_report_data/multiqc_combined_roc_curves_db_level.txt",
                "evaluation/ddi_report_data/multiqc_combined_roc_curves_db_level_1.txt",
                "evaluation/ddi_report_data/multiqc_combined_roc_curves_db_level_2.txt",
                "evaluation/ddi_report_data/multiqc_data.json",
                "evaluation/ddi_report_data/multiqc_db_database_analysis_external_test.txt",
                "evaluation/ddi_report_data/multiqc_db_database_analysis_random_balanced.txt",
                "evaluation/ddi_report_data/multiqc_db_database_analysis_random_realistic.txt",
                "evaluation/ddi_report_data/multiqc_model_eval_metrics_external_test.txt",
                "evaluation/ddi_report_data/multiqc_model_eval_metrics_random_balanced.txt",
                "evaluation/ddi_report_data/multiqc_model_eval_metrics_random_realistic.txt",
                "evaluation/ddi_report_data/multiqc_model_performance_heatmap_pr.txt",
                "evaluation/ddi_report_data/multiqc_model_performance_heatmap_pr_ci.txt",
                "evaluation/ddi_report_data/multiqc_model_performance_heatmap_roc.txt",
                "evaluation/ddi_report_data/multiqc_model_performance_heatmap_roc_ci.txt",
                "evaluation/ddi_report_data/multiqc_source_accuracy_by_ddi_source.txt",
                "evaluation/ddi_report_data/multiqc_source_accuracy_by_ddi_source_1.txt",
                "evaluation/ddi_report_data/multiqc_source_accuracy_by_ddi_source_2.txt",
                "evaluation/ddi_report_data/multiqc_source_accuracy_by_ddi_source_3.txt",
                "evaluation/ddi_report_data/multiqc_sources.txt",
                "evaluation/multiqc_json",
                "evaluation/multiqc_json/combined_pairwise_significance_external_test_mqc.json",
                "evaluation/multiqc_json/combined_pairwise_significance_random_balanced_mqc.json",
                "evaluation/multiqc_json/combined_pairwise_significance_random_realistic_mqc.json",
                "evaluation/multiqc_json/combined_pr_curves_db_level_mqc.json",
                "evaluation/multiqc_json/combined_pr_curves_mqc.json",
                "evaluation/multiqc_json/combined_roc_curves_db_level_mqc.json",
                "evaluation/multiqc_json/combined_roc_curves_mqc.json",
                "evaluation/multiqc_json/database_analysis_external_test_db_external_test_mqc.json",
                "evaluation/multiqc_json/database_analysis_random_balanced_db_random_balanced_mqc.json",
                "evaluation/multiqc_json/database_analysis_random_realistic_db_random_realistic_mqc.json",
                "evaluation/multiqc_json/model_eval_metrics_external_test_mqc.json",
                "evaluation/multiqc_json/model_eval_metrics_random_balanced_mqc.json",
                "evaluation/multiqc_json/model_eval_metrics_random_realistic_mqc.json",
                "evaluation/multiqc_json/model_performance_heatmap_pr_ci_mqc.json",
                "evaluation/multiqc_json/model_performance_heatmap_pr_mqc.json",
                "evaluation/multiqc_json/model_performance_heatmap_roc_ci_mqc.json",
                "evaluation/multiqc_json/model_performance_heatmap_roc_mqc.json",
                "evaluation/multiqc_json/multiqc_config.yaml",
                "evaluation/multiqc_json/source_accuracy_by_ddi_source_mqc.json",
                "external_test",
                "external_test/data",
                "external_test/data/aacomp__test.h5",
                "external_test/data/aacomp__train.h5",
                "external_test/data/aacomp__validation.h5",
                "external_test/data/dummy__test.h5",
                "external_test/data/dummy__train.h5",
                "external_test/data/dummy__validation.h5",
                "external_test/ddi",
                "external_test/ddi/DDI",
                "external_test/ddi/DDI/test.csv",
                "external_test/ddi/DDI/test_instances.csv",
                "external_test/ddi/DDI/test_sources.csv",
                "external_test/ddi/DDI/train.csv",
                "external_test/ddi/DDI/train_instances.csv",
                "external_test/ddi/DDI/train_sources.csv",
                "external_test/ddi/DDI/validation.csv",
                "external_test/ddi/DDI/validation_instances.csv",
                "external_test/ddi/DDI/validation_sources.csv",
                "external_test/evaluation",
                "external_test/evaluation/test",
                "external_test/evaluation/test/combined_metrics_table_mqc.json",
                "external_test/evaluation/test/combined_pairwise_significance_mqc.json",
                "external_test/evaluation/test/combined_pr_mqc.json",
                "external_test/evaluation/test/combined_roc_mqc.json",
                "external_test/evaluation/test/database_analysis_external_test_db_mqc.json",
                "external_test/evaluation/test/ddi_report.html",
                "external_test/evaluation/test/ddi_report_data",
                "external_test/evaluation/test/ddi_report_data/llms-full.txt",
                "external_test/evaluation/test/ddi_report_data/multiqc.log",
                "external_test/evaluation/test/ddi_report_data/multiqc.parquet",
                "external_test/evaluation/test/ddi_report_data/multiqc_citations.txt",
                "external_test/evaluation/test/ddi_report_data/multiqc_combined_metrics_table.txt",
                "external_test/evaluation/test/ddi_report_data/multiqc_combined_pairwise_significance.txt",
                "external_test/evaluation/test/ddi_report_data/multiqc_combined_pr.txt",
                "external_test/evaluation/test/ddi_report_data/multiqc_combined_roc.txt",
                "external_test/evaluation/test/ddi_report_data/multiqc_data.json",
                "external_test/evaluation/test/ddi_report_data/multiqc_db_database_analysis_external_test.txt",
                "external_test/evaluation/test/ddi_report_data/multiqc_model_eval_metrics.txt",
                "external_test/evaluation/test/ddi_report_data/multiqc_sources.txt",
                "external_test/evaluation/test/model_eval_metrics_mqc.json",
                "external_test/evaluation/test/multiqc_config.yaml",
                "external_test/evaluation/test/source_accuracy.json",
                "external_test/nn_output",
                "external_test/nn_output/neural_network_aacomp",
                "external_test/nn_output/neural_network_aacomp/model",
                "external_test/nn_output/neural_network_aacomp/model/NeuralNetwork.pkl",
                "external_test/nn_output/neural_network_aacomp/model/model_parameters.json",
                "external_test/nn_output/neural_network_aacomp/predictions_test.parquet",
                "external_test/nn_output/neural_network_all",
                "external_test/nn_output/neural_network_all/model",
                "external_test/nn_output/neural_network_all/model/NeuralNetwork.pkl",
                "external_test/nn_output/neural_network_all/model/model_parameters.json",
                "external_test/nn_output/neural_network_all/predictions_test.parquet",
                "external_test/nn_output/neural_network_dummy",
                "external_test/nn_output/neural_network_dummy/model",
                "external_test/nn_output/neural_network_dummy/model/NeuralNetwork.pkl",
                "external_test/nn_output/neural_network_dummy/model/model_parameters.json",
                "external_test/nn_output/neural_network_dummy/predictions_test.parquet",
                "external_test/nn_output/neural_network_esm3_embeddings",
                "external_test/nn_output/neural_network_esm3_embeddings/model",
                "external_test/nn_output/neural_network_esm3_embeddings/model/NeuralNetwork.pkl",
                "external_test/nn_output/neural_network_esm3_embeddings/model/model_parameters.json",
                "external_test/nn_output/neural_network_esm3_embeddings/predictions_test.parquet",
                "external_test/rf_output",
                "external_test/rf_output/random_forest_aacomp",
                "external_test/rf_output/random_forest_aacomp/model",
                "external_test/rf_output/random_forest_aacomp/model/RandomForest.pkl",
                "external_test/rf_output/random_forest_aacomp/model/model_parameters.json",
                "external_test/rf_output/random_forest_aacomp/predictions_test.parquet",
                "external_test/rf_output/random_forest_all",
                "external_test/rf_output/random_forest_all/model",
                "external_test/rf_output/random_forest_all/model/RandomForest.pkl",
                "external_test/rf_output/random_forest_all/model/model_parameters.json",
                "external_test/rf_output/random_forest_all/predictions_test.parquet",
                "external_test/rf_output/random_forest_dummy",
                "external_test/rf_output/random_forest_dummy/model",
                "external_test/rf_output/random_forest_dummy/model/RandomForest.pkl",
                "external_test/rf_output/random_forest_dummy/model/model_parameters.json",
                "external_test/rf_output/random_forest_dummy/predictions_test.parquet",
                "external_test/rf_output/random_forest_esm3_embeddings",
                "external_test/rf_output/random_forest_esm3_embeddings/model",
                "external_test/rf_output/random_forest_esm3_embeddings/model/RandomForest.pkl",
                "external_test/rf_output/random_forest_esm3_embeddings/model/model_parameters.json",
                "external_test/rf_output/random_forest_esm3_embeddings/predictions_test.parquet",
                "pipeline_info",
                "random",
                "random/data",
                "random/data/aacomp__test_balanced.h5",
                "random/data/aacomp__test_realistic.h5",
                "random/data/aacomp__train.h5",
                "random/data/aacomp__validation.h5",
                "random/data/dummy__test_balanced.h5",
                "random/data/dummy__test_realistic.h5",
                "random/data/dummy__train.h5",
                "random/data/dummy__validation.h5",
                "random/ddi",
                "random/ddi/DDI",
                "random/ddi/DDI/test_balanced.csv",
                "random/ddi/DDI/test_balanced_instances.csv",
                "random/ddi/DDI/test_balanced_sources.csv",
                "random/ddi/DDI/test_realistic.csv",
                "random/ddi/DDI/test_realistic_instances.csv",
                "random/ddi/DDI/test_realistic_sources.csv",
                "random/ddi/DDI/train.csv",
                "random/ddi/DDI/train_instances.csv",
                "random/ddi/DDI/train_sources.csv",
                "random/ddi/DDI/validation.csv",
                "random/ddi/DDI/validation_instances.csv",
                "random/ddi/DDI/validation_sources.csv",
                "random/evaluation",
                "random/evaluation/balanced",
                "random/evaluation/balanced/combined_metrics_table_mqc.json",
                "random/evaluation/balanced/combined_pairwise_significance_mqc.json",
                "random/evaluation/balanced/combined_pr_mqc.json",
                "random/evaluation/balanced/combined_roc_mqc.json",
                "random/evaluation/balanced/database_analysis_random_balanced_db_mqc.json",
                "random/evaluation/balanced/ddi_report.html",
                "random/evaluation/balanced/ddi_report_data",
                "random/evaluation/balanced/ddi_report_data/llms-full.txt",
                "random/evaluation/balanced/ddi_report_data/multiqc.log",
                "random/evaluation/balanced/ddi_report_data/multiqc.parquet",
                "random/evaluation/balanced/ddi_report_data/multiqc_citations.txt",
                "random/evaluation/balanced/ddi_report_data/multiqc_combined_metrics_table.txt",
                "random/evaluation/balanced/ddi_report_data/multiqc_combined_pairwise_significance.txt",
                "random/evaluation/balanced/ddi_report_data/multiqc_combined_pr.txt",
                "random/evaluation/balanced/ddi_report_data/multiqc_combined_roc.txt",
                "random/evaluation/balanced/ddi_report_data/multiqc_data.json",
                "random/evaluation/balanced/ddi_report_data/multiqc_db_database_analysis_random_balanced.txt",
                "random/evaluation/balanced/ddi_report_data/multiqc_model_eval_metrics.txt",
                "random/evaluation/balanced/ddi_report_data/multiqc_sources.txt",
                "random/evaluation/balanced/model_eval_metrics_mqc.json",
                "random/evaluation/balanced/multiqc_config.yaml",
                "random/evaluation/balanced/source_accuracy.json",
                "random/evaluation/realistic",
                "random/evaluation/realistic/combined_metrics_table_mqc.json",
                "random/evaluation/realistic/combined_pairwise_significance_mqc.json",
                "random/evaluation/realistic/combined_pr_mqc.json",
                "random/evaluation/realistic/combined_roc_mqc.json",
                "random/evaluation/realistic/database_analysis_random_realistic_db_mqc.json",
                "random/evaluation/realistic/ddi_report.html",
                "random/evaluation/realistic/ddi_report_data",
                "random/evaluation/realistic/ddi_report_data/llms-full.txt",
                "random/evaluation/realistic/ddi_report_data/multiqc.log",
                "random/evaluation/realistic/ddi_report_data/multiqc.parquet",
                "random/evaluation/realistic/ddi_report_data/multiqc_citations.txt",
                "random/evaluation/realistic/ddi_report_data/multiqc_combined_metrics_table.txt",
                "random/evaluation/realistic/ddi_report_data/multiqc_combined_pairwise_significance.txt",
                "random/evaluation/realistic/ddi_report_data/multiqc_combined_pr.txt",
                "random/evaluation/realistic/ddi_report_data/multiqc_combined_roc.txt",
                "random/evaluation/realistic/ddi_report_data/multiqc_data.json",
                "random/evaluation/realistic/ddi_report_data/multiqc_db_database_analysis_random_realistic.txt",
                "random/evaluation/realistic/ddi_report_data/multiqc_model_eval_metrics.txt",
                "random/evaluation/realistic/ddi_report_data/multiqc_sources.txt",
                "random/evaluation/realistic/model_eval_metrics_mqc.json",
                "random/evaluation/realistic/multiqc_config.yaml",
                "random/evaluation/realistic/source_accuracy.json",
                "random/nn_output",
                "random/nn_output/neural_network_aacomp",
                "random/nn_output/neural_network_aacomp/model",
                "random/nn_output/neural_network_aacomp/model/NeuralNetwork.pkl",
                "random/nn_output/neural_network_aacomp/model/model_parameters.json",
                "random/nn_output/neural_network_aacomp/predictions_balanced.parquet",
                "random/nn_output/neural_network_aacomp/predictions_realistic.parquet",
                "random/nn_output/neural_network_all",
                "random/nn_output/neural_network_all/model",
                "random/nn_output/neural_network_all/model/NeuralNetwork.pkl",
                "random/nn_output/neural_network_all/model/model_parameters.json",
                "random/nn_output/neural_network_all/predictions_balanced.parquet",
                "random/nn_output/neural_network_all/predictions_realistic.parquet",
                "random/nn_output/neural_network_dummy",
                "random/nn_output/neural_network_dummy/model",
                "random/nn_output/neural_network_dummy/model/NeuralNetwork.pkl",
                "random/nn_output/neural_network_dummy/model/model_parameters.json",
                "random/nn_output/neural_network_dummy/predictions_balanced.parquet",
                "random/nn_output/neural_network_dummy/predictions_realistic.parquet",
                "random/nn_output/neural_network_esm3_embeddings",
                "random/nn_output/neural_network_esm3_embeddings/model",
                "random/nn_output/neural_network_esm3_embeddings/model/NeuralNetwork.pkl",
                "random/nn_output/neural_network_esm3_embeddings/model/model_parameters.json",
                "random/nn_output/neural_network_esm3_embeddings/predictions_balanced.parquet",
                "random/nn_output/neural_network_esm3_embeddings/predictions_realistic.parquet",
                "random/rf_output",
                "random/rf_output/random_forest_aacomp",
                "random/rf_output/random_forest_aacomp/model",
                "random/rf_output/random_forest_aacomp/model/RandomForest.pkl",
                "random/rf_output/random_forest_aacomp/model/model_parameters.json",
                "random/rf_output/random_forest_aacomp/predictions_balanced.parquet",
                "random/rf_output/random_forest_aacomp/predictions_realistic.parquet",
                "random/rf_output/random_forest_all",
                "random/rf_output/random_forest_all/model",
                "random/rf_output/random_forest_all/model/RandomForest.pkl",
                "random/rf_output/random_forest_all/model/model_parameters.json",
                "random/rf_output/random_forest_all/predictions_balanced.parquet",
                "random/rf_output/random_forest_all/predictions_realistic.parquet",
                "random/rf_output/random_forest_dummy",
                "random/rf_output/random_forest_dummy/model",
                "random/rf_output/random_forest_dummy/model/RandomForest.pkl",
                "random/rf_output/random_forest_dummy/model/model_parameters.json",
                "random/rf_output/random_forest_dummy/predictions_balanced.parquet",
                "random/rf_output/random_forest_dummy/predictions_realistic.parquet",
                "random/rf_output/random_forest_esm3_embeddings",
                "random/rf_output/random_forest_esm3_embeddings/model",
                "random/rf_output/random_forest_esm3_embeddings/model/RandomForest.pkl",
                "random/rf_output/random_forest_esm3_embeddings/model/model_parameters.json",
                "random/rf_output/random_forest_esm3_embeddings/predictions_balanced.parquet",
                "random/rf_output/random_forest_esm3_embeddings/predictions_realistic.parquet"
            ],
            [
                "multiqc_citations.txt:md5,4c806e63a283ec1b7e78cdae3a923d4f",
                "multiqc_combined_pairwise_significance_external_test.txt:md5,c1cc4c2deb685b8001cb992314a096d2",
                "multiqc_combined_pairwise_significance_random_balanced.txt:md5,bb577d81fa8dc38f16c11e8865569473",
                "multiqc_combined_pairwise_significance_random_realistic.txt:md5,7d74383067d8d14f5f60a5eff391a714",
                "multiqc_combined_pr_curves.txt:md5,f23bdecbfadee52d2fa81562c997dcab",
                "multiqc_combined_pr_curves_1.txt:md5,88d7de3c9b97dddae0a569e84974f239",
                "multiqc_combined_pr_curves_2.txt:md5,bad7bf2c6b45bdc5b25b5133cc490667",
                "multiqc_combined_pr_curves_3.txt:md5,d7a3b0f80431c1f8684ad9858dab7091",
                "multiqc_combined_pr_curves_4.txt:md5,5503fa5b35a4878003e31aa745d4cea4",
                "multiqc_combined_pr_curves_5.txt:md5,762b78553e8550bec6ad3754f66151b6",
                "multiqc_combined_pr_curves_6.txt:md5,cd275ea553ccc124fa1b010b71c4ac22",
                "multiqc_combined_pr_curves_7.txt:md5,643a4a66a444404b8b22456fc5d33bfd",
                "multiqc_combined_pr_curves_db_level.txt:md5,fb9ff3b8ee8a2f150f36eb1add54cc9b",
                "multiqc_combined_pr_curves_db_level_1.txt:md5,a3e4e06fd94756c12c897f3743d28687",
                "multiqc_combined_pr_curves_db_level_2.txt:md5,66d90d0833c34bb5d59b399207025ce3",
                "multiqc_combined_roc_curves.txt:md5,eff5868357631af1dce111473b84c298",
                "multiqc_combined_roc_curves_1.txt:md5,7ff6c9b09d21f10fb6a0d496eb19769d",
                "multiqc_combined_roc_curves_2.txt:md5,136c4e08b27437194d405f43b24dfeca",
                "multiqc_combined_roc_curves_3.txt:md5,f93b61e72f30884f3dc209d34115f394",
                "multiqc_combined_roc_curves_4.txt:md5,1f34ee50f4b4203555a06b90dbbf0c2d",
                "multiqc_combined_roc_curves_5.txt:md5,ffd58b2585aea6f723f1945569785c5c",
                "multiqc_combined_roc_curves_6.txt:md5,8f94221a784551332de3e8cd88bac944",
                "multiqc_combined_roc_curves_7.txt:md5,11c8313dc5912d17c823e4dcd5963b47",
                "multiqc_combined_roc_curves_db_level.txt:md5,08fb50f2a4bc2dbae16b2f82e7ee0e7b",
                "multiqc_combined_roc_curves_db_level_1.txt:md5,b4bb48d4129ac06cce7b2d948502d106",
                "multiqc_combined_roc_curves_db_level_2.txt:md5,875a8a70ab2de693a74c6566fbfde67c",
                "multiqc_db_database_analysis_external_test.txt:md5,6a9d7307303f592ef601280283ea21ec",
                "multiqc_db_database_analysis_random_balanced.txt:md5,4c7e3b6a4e6da426be0e3e41ebb41a4e",
                "multiqc_db_database_analysis_random_realistic.txt:md5,f873a8e6dd4a4a0772f1196ee32e47c5",
                "multiqc_model_eval_metrics_external_test.txt:md5,082f66a8c5d04a27a511169cbe9d042e",
                "multiqc_model_eval_metrics_random_balanced.txt:md5,2c67caadbc1965196b782081a1c907b8",
                "multiqc_model_eval_metrics_random_realistic.txt:md5,023a8c0235f4ad45536919e19ae96b0b",
                "multiqc_model_performance_heatmap_pr.txt:md5,64b79374a34b7180e73a418b24020e9d",
                "multiqc_model_performance_heatmap_pr_ci.txt:md5,91bdffa9dfbbfac1ea7d7739087bfa89",
                "multiqc_model_performance_heatmap_roc.txt:md5,8131b278dcefb03cb72558ff3a3965b2",
                "multiqc_model_performance_heatmap_roc_ci.txt:md5,1b500413cbc6b8737167c2c7241fc665",
                "multiqc_source_accuracy_by_ddi_source.txt:md5,2e105cf851a471fe3dc15284d9366de7",
                "multiqc_source_accuracy_by_ddi_source_1.txt:md5,7198a8f00326ee1a555ed24f49e3bb4a",
                "multiqc_source_accuracy_by_ddi_source_2.txt:md5,28f449e6e1e023913b733449e2fa7b07",
                "multiqc_source_accuracy_by_ddi_source_3.txt:md5,3124d82358d98915ab04eff7643b703c",
                "combined_pairwise_significance_external_test_mqc.json:md5,8086da91176aa20c4cb43b623e1ecc9a",
                "combined_pairwise_significance_random_balanced_mqc.json:md5,99843cd2bcc4d8fff8754941c290dee9",
                "combined_pairwise_significance_random_realistic_mqc.json:md5,55602fa8d59dfcf4b5e6d70471598574",
                "combined_pr_curves_db_level_mqc.json:md5,2f8fb9ba6be900f7f676170d8ea4bfe1",
                "combined_pr_curves_mqc.json:md5,c1be43f3a7e966661bc874a48f260238",
                "combined_roc_curves_db_level_mqc.json:md5,d57a48a779c5e5fc42934a954f23c4ce",
                "combined_roc_curves_mqc.json:md5,e9ce543412b0153b5361b0e9311f8057",
                "database_analysis_external_test_db_external_test_mqc.json:md5,d97f51bf88bfbe7347d1b07073b44f22",
                "database_analysis_random_balanced_db_random_balanced_mqc.json:md5,1a302f2d216cc9adb392841688d702a0",
                "database_analysis_random_realistic_db_random_realistic_mqc.json:md5,a60636de7e5d2f4facedd34660ea01e4",
                "model_eval_metrics_external_test_mqc.json:md5,ae0fc8e752823e7a473bfede451ea142",
                "model_eval_metrics_random_balanced_mqc.json:md5,0fba57b68e014d3b89ddf904e2593d8a",
                "model_eval_metrics_random_realistic_mqc.json:md5,6be0e5024a6ad2c9e1dacca1b571c7f4",
                "model_performance_heatmap_pr_ci_mqc.json:md5,e749f2be90fc29a7b0abff8c4beb52df",
                "model_performance_heatmap_pr_mqc.json:md5,a86b387c8b3255984b1545770266daf3",
                "model_performance_heatmap_roc_ci_mqc.json:md5,361aafd564f21d5c6caddf10babe43e5",
                "model_performance_heatmap_roc_mqc.json:md5,deeb8e29e429fb93680338e44874d4f4",
                "multiqc_config.yaml:md5,5bea401a32273e062f371c4ed1690662",
                "source_accuracy_by_ddi_source_mqc.json:md5,84f86405ae78ef9bd0e052bbba14675a",
                "aacomp__test.h5:md5,7a4b27a3b995becad026739a1e3f9cb2",
                "aacomp__train.h5:md5,533ea6a58cfdaf6755171731f12e4cd2",
                "aacomp__validation.h5:md5,8594a5a91841859ba03025ec134b32c3",
                "dummy__test.h5:md5,9dc6a1961b26f4081e35f18d4f864576",
                "dummy__train.h5:md5,d596325afb5c84eed11718af8b457418",
                "dummy__validation.h5:md5,1d08d29abdd1e48c4a77f13b91adad21",
                "test.csv:md5,edec6873dcbe407d4b5e3bff8ec97a2a",
                "test_instances.csv:md5,ec683cd1998cc54ea3d220aeffb498e8",
                "test_sources.csv:md5,a2cf78195e28db515a55dc501f3716cf",
                "train.csv:md5,1d41f719d0d9732163c5833e9295fb25",
                "train_instances.csv:md5,7c9429006b3797276e0e04b0721c5cd1",
                "train_sources.csv:md5,c99ae2ab4221ab2115cf8f157ac4a109",
                "validation.csv:md5,c846072bd224d2a820bed6713a2803ea",
                "validation_instances.csv:md5,76e29928fdb06334d4b747c3de023ca1",
                "validation_sources.csv:md5,c2f56ff1e8d8a0e2b8e41ea7f045de49",
                "combined_metrics_table_mqc.json:md5,296eb16bacddad53c04221f401e3fc01",
                "combined_pairwise_significance_mqc.json:md5,83c2b78a5aba20303fa02883c054d66f",
                "combined_pr_mqc.json:md5,039fbc8090094b7ca13284dea25f451a",
                "combined_roc_mqc.json:md5,26b8d60756a75a9d246af6de29b71311",
                "database_analysis_external_test_db_mqc.json:md5,d97f51bf88bfbe7347d1b07073b44f22",
                "multiqc_citations.txt:md5,4c806e63a283ec1b7e78cdae3a923d4f",
                "multiqc_combined_metrics_table.txt:md5,fa5470a43dcf129bd9a47b4c3f7ae1a0",
                "multiqc_combined_pairwise_significance.txt:md5,c1cc4c2deb685b8001cb992314a096d2",
                "multiqc_combined_pr.txt:md5,fb9ff3b8ee8a2f150f36eb1add54cc9b",
                "multiqc_combined_roc.txt:md5,08fb50f2a4bc2dbae16b2f82e7ee0e7b",
                "multiqc_db_database_analysis_external_test.txt:md5,6a9d7307303f592ef601280283ea21ec",
                "multiqc_model_eval_metrics.txt:md5,082f66a8c5d04a27a511169cbe9d042e",
                "model_eval_metrics_mqc.json:md5,40c73d9cb4d1fe63da32f9a2b3c66e4b",
                "multiqc_config.yaml:md5,85a29c4e987f5a5db417c66ebfc2b5f4",
                "source_accuracy.json:md5,dc5917b542574c635ab2e2e46ecfe815",
                "NeuralNetwork.pkl:md5,8f3b7a9f98b98d4a6e056648b8de2733",
                "model_parameters.json:md5,536201c46bb4646fd0004a6adcbbfe76",
                "predictions_test.parquet:md5,e14ccd49bfbad2057682d61ca8275c54",
                "NeuralNetwork.pkl:md5,8baeee44541b24d320bb2299464ae789",
                "model_parameters.json:md5,173b4ac27e396e05e6ff9a010e5cfb73",
                "predictions_test.parquet:md5,ae1cb8ed5e127923f245cca5326e52d4",
                "NeuralNetwork.pkl:md5,9a5c376aad8fcae7998f900d59f47fac",
                "model_parameters.json:md5,2c47427a2383c41c33fc91892585c1dd",
                "predictions_test.parquet:md5,6574a8f28b9e382618d9a03b023df7fe",
                "NeuralNetwork.pkl:md5,63e3655f329f6175f15c918aff65800a",
                "model_parameters.json:md5,0292bc788d7c3c09f48b597b33a69906",
                "predictions_test.parquet:md5,a98946bab30a195ffed01f5b5cc30f12",
                "RandomForest.pkl:md5,7c214cc8b95a9d86d3ca2b51f0e62695",
                "model_parameters.json:md5,0a935f885920da67422ec3b9f4b87472",
                "predictions_test.parquet:md5,f6c47dba2583d8fd1f581eeb61acde9e",
                "RandomForest.pkl:md5,edf750d28e1f554fe5bd68f393865895",
                "model_parameters.json:md5,dba00e98db43673d27792b8aebf5e809",
                "predictions_test.parquet:md5,16696d8c0d3f5d77d2e92b4976b8415f",
                "RandomForest.pkl:md5,cd479f411b323ce0b52f1faa366a3e9e",
                "model_parameters.json:md5,7d5275f19f9f0bc0601820f5e46e8ab7",
                "predictions_test.parquet:md5,6664a2556e9e00ee97c421bf8116bc5f",
                "RandomForest.pkl:md5,67f6c6dbf0d092de576326133141d1ec",
                "model_parameters.json:md5,cf76c9e2d28eb12d298183abc5dffc7c",
                "predictions_test.parquet:md5,031f88ad8d8cd510d2248b95cf5a93b1",
                "aacomp__test_balanced.h5:md5,1531c2e1a04a036fafe0a7de2df11b58",
                "aacomp__test_realistic.h5:md5,a19e5fc3af1f4d098e7c9f146d18cfd5",
                "aacomp__train.h5:md5,53e0159a7740a591a71820add9a67365",
                "aacomp__validation.h5:md5,067ed2bbc1323f2c14ba8348ac51d69e",
                "dummy__test_balanced.h5:md5,459a0323a67959fb768ee382695f23d6",
                "dummy__test_realistic.h5:md5,79b5edd40fb604a7aee09a256ee6b156",
                "dummy__train.h5:md5,11ceb3fe46d4ed10167de8014a4c70e3",
                "dummy__validation.h5:md5,5b24fca593f9c9b4ce90e37638da7235",
                "test_balanced.csv:md5,df557c30f1eb271ab1cc5bc15e603eb3",
                "test_balanced_instances.csv:md5,0b1e88a986ef8bfb1bd62dff8d328c96",
                "test_balanced_sources.csv:md5,0b66fc74090014422250ce3187f9aaa0",
                "test_realistic.csv:md5,c76a0f968fa956d93347ccea60cbf72b",
                "test_realistic_instances.csv:md5,825a1f02d58c540a8de85306b9ad0260",
                "test_realistic_sources.csv:md5,683945e93f2a93b0392c2fa10a9bb815",
                "train.csv:md5,8c19e1d743ece8441088bdf620949936",
                "train_instances.csv:md5,a55f9935084d585755fea75c1d7b782f",
                "train_sources.csv:md5,616f57a3edd19aab758a9a99cb8e2baf",
                "validation.csv:md5,91345a3e1f1ca8de60b237ec6d6f6154",
                "validation_instances.csv:md5,8744a309b3b590c2a30567af3898ab32",
                "validation_sources.csv:md5,3652f9bb4c603d6188f616d10bf75d9d",
                "combined_metrics_table_mqc.json:md5,dbb7e667a1ce738055ceedbdd08bdaa8",
                "combined_pairwise_significance_mqc.json:md5,ded88f5194e5296067ddd84e2c78e85c",
                "combined_pr_mqc.json:md5,5b7b4df6df645d039c575986f2558b6b",
                "combined_roc_mqc.json:md5,341dbc6fcc25396484705cf6b73ed985",
                "database_analysis_random_balanced_db_mqc.json:md5,1a302f2d216cc9adb392841688d702a0",
                "multiqc_citations.txt:md5,4c806e63a283ec1b7e78cdae3a923d4f",
                "multiqc_combined_metrics_table.txt:md5,ff0b84f86abb895aa6de112d07abe95f",
                "multiqc_combined_pairwise_significance.txt:md5,bb577d81fa8dc38f16c11e8865569473",
                "multiqc_combined_pr.txt:md5,a3e4e06fd94756c12c897f3743d28687",
                "multiqc_combined_roc.txt:md5,b4bb48d4129ac06cce7b2d948502d106",
                "multiqc_db_database_analysis_random_balanced.txt:md5,4c7e3b6a4e6da426be0e3e41ebb41a4e",
                "multiqc_model_eval_metrics.txt:md5,2c67caadbc1965196b782081a1c907b8",
                "model_eval_metrics_mqc.json:md5,c277c81e4ca7928be1700852a5c3e4a9",
                "multiqc_config.yaml:md5,db2c804055ddbd6fd19e50f7c94fca68",
                "source_accuracy.json:md5,d68b3d509f0c93d46cd56b8d35c37813",
                "combined_metrics_table_mqc.json:md5,50f479b784b74069e68a321694a35a48",
                "combined_pairwise_significance_mqc.json:md5,ab65614a930bc7ad9403b4460f767a11",
                "combined_pr_mqc.json:md5,82243b4a7cf3ff6ef20cb36e8acec1ab",
                "combined_roc_mqc.json:md5,a040acf9e446c974655fe81c8d68f199",
                "database_analysis_random_realistic_db_mqc.json:md5,a60636de7e5d2f4facedd34660ea01e4",
                "multiqc_citations.txt:md5,4c806e63a283ec1b7e78cdae3a923d4f",
                "multiqc_combined_metrics_table.txt:md5,78911e867955ab18b98508422057ff13",
                "multiqc_combined_pairwise_significance.txt:md5,7d74383067d8d14f5f60a5eff391a714",
                "multiqc_combined_pr.txt:md5,66d90d0833c34bb5d59b399207025ce3",
                "multiqc_combined_roc.txt:md5,875a8a70ab2de693a74c6566fbfde67c",
                "multiqc_db_database_analysis_random_realistic.txt:md5,f873a8e6dd4a4a0772f1196ee32e47c5",
                "multiqc_model_eval_metrics.txt:md5,023a8c0235f4ad45536919e19ae96b0b",
                "model_eval_metrics_mqc.json:md5,c1008637936d201e6e96979852142d14",
                "multiqc_config.yaml:md5,11f45639a2f8a243f687f470e1a6abaa",
                "source_accuracy.json:md5,8ba375421803c02ad0b926d3f417c781",
                "NeuralNetwork.pkl:md5,2a44c60478128f9492d8ea33865e03c3",
                "model_parameters.json:md5,18fc398cea5dc74e739bac73bc1ba118",
                "predictions_balanced.parquet:md5,7242a1738dc64ffe5c9b51bcec38bebe",
                "predictions_realistic.parquet:md5,f881c0bc057771dccce54f492b08b751",
                "NeuralNetwork.pkl:md5,502deba72993d302bc2306fa10c35300",
                "model_parameters.json:md5,ae26e6d4b78467c7fbb19abe81dcc2fa",
                "predictions_balanced.parquet:md5,f8d5fa445c62226d1e613ba0245d236a",
                "predictions_realistic.parquet:md5,639330a677cef31f48692394fce39e6b",
                "NeuralNetwork.pkl:md5,64e628d0873b87ae6e922e5cc1c39725",
                "model_parameters.json:md5,911fbc63f702fb338319f8c4c6ebcab6",
                "predictions_balanced.parquet:md5,95ed579253789b9c22c07d6dfe0afa78",
                "predictions_realistic.parquet:md5,953e9337fd3a250fe8dca62100bd387e",
                "NeuralNetwork.pkl:md5,79705a9bb2cef92d738b8b1f6094f257",
                "model_parameters.json:md5,d6324b3ffe81eeedd90a963edd0de9b6",
                "predictions_balanced.parquet:md5,2b6820bc72bc16a686591d7208e774a4",
                "predictions_realistic.parquet:md5,802444ded8765789a0eeaf2cc501340f",
                "RandomForest.pkl:md5,ef496ced2bdf8390eac7bb8623cba627",
                "model_parameters.json:md5,83df148906628cb2a2a9c7f74c3419df",
                "predictions_balanced.parquet:md5,ca08a88cf9dfe73c3f1b8cfc46992d2d",
                "predictions_realistic.parquet:md5,ef5e54d51c5a69012a30c6cc78008098",
                "RandomForest.pkl:md5,3a4d0cd73fbc033b55c294fe6f2e3cf3",
                "model_parameters.json:md5,118bcfc15832a10706b4ccd65f5a5724",
                "predictions_balanced.parquet:md5,f68a2bbec7220bd43e36b64573588850",
                "predictions_realistic.parquet:md5,553c4c0524ba34a7c6b2ebc829a9a885",
                "RandomForest.pkl:md5,454244d2efe2f50e978cd2a788028584",
                "model_parameters.json:md5,afe91b9c6e2161519d3cc97162e2549c",
                "predictions_balanced.parquet:md5,8763d40dd6e17d28bece3525e8328945",
                "predictions_realistic.parquet:md5,4aa671f84a35d2f8215efe4be2b5b48e",
                "RandomForest.pkl:md5,ac86b4e63f36748390324c72b9028451",
                "model_parameters.json:md5,5eb19b8898988e945e5c51393b8b5381",
                "predictions_balanced.parquet:md5,aa64ebfaa0ce19a3839cc5cc3eb6879a",
                "predictions_realistic.parquet:md5,235d19ff4708c87005751c8f590842af"
            ]
        ],
        "timestamp": "2026-09-04T18:01:58.466394245",
        "meta": {
            "nf-test": "0.9.5",
            "nextflow": "26.04.0"
        }
    }
}