{
    "-profile test": {
        "content": [
            [
                "evaluation",
                "evaluation/ddi_report.html",
                "evaluation/ddi_report_data",
                "evaluation/ddi_report_data/llms-full.txt",
                "evaluation/ddi_report_data/multiqc.log",
                "evaluation/ddi_report_data/multiqc.parquet",
                "evaluation/ddi_report_data/multiqc_citations.txt",
                "evaluation/ddi_report_data/multiqc_combined_ddi_betweenness_distribution_db.txt",
                "evaluation/ddi_report_data/multiqc_combined_ddi_betweenness_distribution_db_1.txt",
                "evaluation/ddi_report_data/multiqc_combined_ddi_betweenness_distribution_db_2.txt",
                "evaluation/ddi_report_data/multiqc_combined_ddi_clustering_distribution_db.txt",
                "evaluation/ddi_report_data/multiqc_combined_ddi_clustering_distribution_db_1.txt",
                "evaluation/ddi_report_data/multiqc_combined_ddi_clustering_distribution_db_2.txt",
                "evaluation/ddi_report_data/multiqc_combined_ddi_degree_distribution_db.txt",
                "evaluation/ddi_report_data/multiqc_combined_ddi_degree_distribution_db_1.txt",
                "evaluation/ddi_report_data/multiqc_combined_ddi_degree_distribution_db_2.txt",
                "evaluation/ddi_report_data/multiqc_combined_pairwise_significance_external_test.txt",
                "evaluation/ddi_report_data/multiqc_combined_pairwise_significance_random_balanced.txt",
                "evaluation/ddi_report_data/multiqc_combined_pairwise_significance_random_realistic.txt",
                "evaluation/ddi_report_data/multiqc_combined_ppi_betweenness_distribution_db.txt",
                "evaluation/ddi_report_data/multiqc_combined_ppi_betweenness_distribution_db_1.txt",
                "evaluation/ddi_report_data/multiqc_combined_ppi_betweenness_distribution_db_2.txt",
                "evaluation/ddi_report_data/multiqc_combined_ppi_clustering_distribution_db.txt",
                "evaluation/ddi_report_data/multiqc_combined_ppi_clustering_distribution_db_1.txt",
                "evaluation/ddi_report_data/multiqc_combined_ppi_clustering_distribution_db_2.txt",
                "evaluation/ddi_report_data/multiqc_combined_ppi_degree_distribution_db.txt",
                "evaluation/ddi_report_data/multiqc_combined_ppi_degree_distribution_db_1.txt",
                "evaluation/ddi_report_data/multiqc_combined_ppi_degree_distribution_db_2.txt",
                "evaluation/ddi_report_data/multiqc_combined_pr_curves.txt",
                "evaluation/ddi_report_data/multiqc_combined_pr_curves_1.txt",
                "evaluation/ddi_report_data/multiqc_combined_pr_curves_2.txt",
                "evaluation/ddi_report_data/multiqc_combined_pr_curves_3.txt",
                "evaluation/ddi_report_data/multiqc_combined_pr_curves_4.txt",
                "evaluation/ddi_report_data/multiqc_combined_pr_curves_5.txt",
                "evaluation/ddi_report_data/multiqc_combined_pr_curves_db_level.txt",
                "evaluation/ddi_report_data/multiqc_combined_pr_curves_db_level_1.txt",
                "evaluation/ddi_report_data/multiqc_combined_pr_curves_db_level_2.txt",
                "evaluation/ddi_report_data/multiqc_combined_roc_curves.txt",
                "evaluation/ddi_report_data/multiqc_combined_roc_curves_1.txt",
                "evaluation/ddi_report_data/multiqc_combined_roc_curves_2.txt",
                "evaluation/ddi_report_data/multiqc_combined_roc_curves_3.txt",
                "evaluation/ddi_report_data/multiqc_combined_roc_curves_4.txt",
                "evaluation/ddi_report_data/multiqc_combined_roc_curves_5.txt",
                "evaluation/ddi_report_data/multiqc_combined_roc_curves_db_level.txt",
                "evaluation/ddi_report_data/multiqc_combined_roc_curves_db_level_1.txt",
                "evaluation/ddi_report_data/multiqc_combined_roc_curves_db_level_2.txt",
                "evaluation/ddi_report_data/multiqc_data.json",
                "evaluation/ddi_report_data/multiqc_db_database_analysis_external_test.txt",
                "evaluation/ddi_report_data/multiqc_db_database_analysis_random_balanced.txt",
                "evaluation/ddi_report_data/multiqc_db_database_analysis_random_realistic.txt",
                "evaluation/ddi_report_data/multiqc_model_eval_metrics_external_test.txt",
                "evaluation/ddi_report_data/multiqc_model_eval_metrics_random_balanced.txt",
                "evaluation/ddi_report_data/multiqc_model_eval_metrics_random_realistic.txt",
                "evaluation/ddi_report_data/multiqc_model_performance_heatmap_pr.txt",
                "evaluation/ddi_report_data/multiqc_model_performance_heatmap_pr_ci.txt",
                "evaluation/ddi_report_data/multiqc_model_performance_heatmap_roc.txt",
                "evaluation/ddi_report_data/multiqc_model_performance_heatmap_roc_ci.txt",
                "evaluation/ddi_report_data/multiqc_source_accuracy_by_ddi_source.txt",
                "evaluation/ddi_report_data/multiqc_source_accuracy_by_ddi_source_1.txt",
                "evaluation/ddi_report_data/multiqc_source_accuracy_by_ddi_source_2.txt",
                "evaluation/ddi_report_data/multiqc_source_accuracy_by_ddi_source_3.txt",
                "evaluation/ddi_report_data/multiqc_sources.txt",
                "evaluation/multiqc_json",
                "evaluation/multiqc_json/combined_ddi_betweenness_distribution_db_mqc.json",
                "evaluation/multiqc_json/combined_ddi_clustering_distribution_db_mqc.json",
                "evaluation/multiqc_json/combined_ddi_degree_distribution_db_mqc.json",
                "evaluation/multiqc_json/combined_pairwise_significance_external_test_mqc.json",
                "evaluation/multiqc_json/combined_pairwise_significance_random_balanced_mqc.json",
                "evaluation/multiqc_json/combined_pairwise_significance_random_realistic_mqc.json",
                "evaluation/multiqc_json/combined_ppi_betweenness_distribution_db_mqc.json",
                "evaluation/multiqc_json/combined_ppi_clustering_distribution_db_mqc.json",
                "evaluation/multiqc_json/combined_ppi_degree_distribution_db_mqc.json",
                "evaluation/multiqc_json/combined_pr_curves_db_level_mqc.json",
                "evaluation/multiqc_json/combined_pr_curves_mqc.json",
                "evaluation/multiqc_json/combined_roc_curves_db_level_mqc.json",
                "evaluation/multiqc_json/combined_roc_curves_mqc.json",
                "evaluation/multiqc_json/database_analysis_external_test_db_external_test_mqc.json",
                "evaluation/multiqc_json/database_analysis_random_balanced_db_random_balanced_mqc.json",
                "evaluation/multiqc_json/database_analysis_random_realistic_db_random_realistic_mqc.json",
                "evaluation/multiqc_json/model_eval_metrics_external_test_mqc.json",
                "evaluation/multiqc_json/model_eval_metrics_random_balanced_mqc.json",
                "evaluation/multiqc_json/model_eval_metrics_random_realistic_mqc.json",
                "evaluation/multiqc_json/model_performance_heatmap_pr_ci_mqc.json",
                "evaluation/multiqc_json/model_performance_heatmap_pr_mqc.json",
                "evaluation/multiqc_json/model_performance_heatmap_roc_ci_mqc.json",
                "evaluation/multiqc_json/model_performance_heatmap_roc_mqc.json",
                "evaluation/multiqc_json/multiqc_config.yaml",
                "evaluation/multiqc_json/source_accuracy_by_ddi_source_mqc.json",
                "external_test",
                "external_test/data",
                "external_test/data/aacomp__test.h5",
                "external_test/data/aacomp__train.h5",
                "external_test/data/aacomp__validation.h5",
                "external_test/ddi",
                "external_test/ddi/DDI",
                "external_test/ddi/DDI/test.csv",
                "external_test/ddi/DDI/test_instances.csv",
                "external_test/ddi/DDI/test_sources.csv",
                "external_test/ddi/DDI/train.csv",
                "external_test/ddi/DDI/train_instances.csv",
                "external_test/ddi/DDI/train_sources.csv",
                "external_test/ddi/DDI/validation.csv",
                "external_test/ddi/DDI/validation_instances.csv",
                "external_test/ddi/DDI/validation_sources.csv",
                "external_test/evaluation",
                "external_test/evaluation/test",
                "external_test/evaluation/test/combined_metrics_table_mqc.json",
                "external_test/evaluation/test/combined_pairwise_significance_mqc.json",
                "external_test/evaluation/test/combined_pr_mqc.json",
                "external_test/evaluation/test/combined_roc_mqc.json",
                "external_test/evaluation/test/database_analysis_external_test_db_mqc.json",
                "external_test/evaluation/test/ddi_betweenness_distribution_external_test_db_mqc.json",
                "external_test/evaluation/test/ddi_clustering_distribution_external_test_db_mqc.json",
                "external_test/evaluation/test/ddi_degree_distribution_external_test_db_mqc.json",
                "external_test/evaluation/test/ddi_report.html",
                "external_test/evaluation/test/ddi_report_data",
                "external_test/evaluation/test/ddi_report_data/llms-full.txt",
                "external_test/evaluation/test/ddi_report_data/multiqc.log",
                "external_test/evaluation/test/ddi_report_data/multiqc.parquet",
                "external_test/evaluation/test/ddi_report_data/multiqc_citations.txt",
                "external_test/evaluation/test/ddi_report_data/multiqc_combined_metrics_table.txt",
                "external_test/evaluation/test/ddi_report_data/multiqc_combined_pairwise_significance.txt",
                "external_test/evaluation/test/ddi_report_data/multiqc_combined_pr.txt",
                "external_test/evaluation/test/ddi_report_data/multiqc_combined_roc.txt",
                "external_test/evaluation/test/ddi_report_data/multiqc_data.json",
                "external_test/evaluation/test/ddi_report_data/multiqc_db_database_analysis_external_test.txt",
                "external_test/evaluation/test/ddi_report_data/multiqc_db_ddi_betweenness_distribution_external_test.txt",
                "external_test/evaluation/test/ddi_report_data/multiqc_db_ddi_clustering_distribution_external_test.txt",
                "external_test/evaluation/test/ddi_report_data/multiqc_db_ddi_degree_distribution_external_test.txt",
                "external_test/evaluation/test/ddi_report_data/multiqc_db_ppi_betweenness_distribution_external_test.txt",
                "external_test/evaluation/test/ddi_report_data/multiqc_db_ppi_clustering_distribution_external_test.txt",
                "external_test/evaluation/test/ddi_report_data/multiqc_db_ppi_degree_distribution_external_test.txt",
                "external_test/evaluation/test/ddi_report_data/multiqc_model_eval_metrics.txt",
                "external_test/evaluation/test/ddi_report_data/multiqc_sources.txt",
                "external_test/evaluation/test/model_eval_metrics_mqc.json",
                "external_test/evaluation/test/multiqc_config.yaml",
                "external_test/evaluation/test/ppi_betweenness_distribution_external_test_db_mqc.json",
                "external_test/evaluation/test/ppi_clustering_distribution_external_test_db_mqc.json",
                "external_test/evaluation/test/ppi_degree_distribution_external_test_db_mqc.json",
                "external_test/evaluation/test/source_accuracy.json",
                "external_test/nn_output",
                "external_test/nn_output/neural_network_aacomp",
                "external_test/nn_output/neural_network_aacomp/model",
                "external_test/nn_output/neural_network_aacomp/model/NeuralNetwork.pkl",
                "external_test/nn_output/neural_network_aacomp/model/model_parameters.json",
                "external_test/nn_output/neural_network_aacomp/predictions_test.parquet",
                "external_test/nn_output/neural_network_all",
                "external_test/nn_output/neural_network_all/model",
                "external_test/nn_output/neural_network_all/model/NeuralNetwork.pkl",
                "external_test/nn_output/neural_network_all/model/model_parameters.json",
                "external_test/nn_output/neural_network_all/predictions_test.parquet",
                "external_test/nn_output/neural_network_esm3_embeddings",
                "external_test/nn_output/neural_network_esm3_embeddings/model",
                "external_test/nn_output/neural_network_esm3_embeddings/model/NeuralNetwork.pkl",
                "external_test/nn_output/neural_network_esm3_embeddings/model/model_parameters.json",
                "external_test/nn_output/neural_network_esm3_embeddings/predictions_test.parquet",
                "external_test/rf_output",
                "external_test/rf_output/random_forest_aacomp",
                "external_test/rf_output/random_forest_aacomp/model",
                "external_test/rf_output/random_forest_aacomp/model/RandomForest.pkl",
                "external_test/rf_output/random_forest_aacomp/model/model_parameters.json",
                "external_test/rf_output/random_forest_aacomp/predictions_test.parquet",
                "external_test/rf_output/random_forest_all",
                "external_test/rf_output/random_forest_all/model",
                "external_test/rf_output/random_forest_all/model/RandomForest.pkl",
                "external_test/rf_output/random_forest_all/model/model_parameters.json",
                "external_test/rf_output/random_forest_all/predictions_test.parquet",
                "external_test/rf_output/random_forest_esm3_embeddings",
                "external_test/rf_output/random_forest_esm3_embeddings/model",
                "external_test/rf_output/random_forest_esm3_embeddings/model/RandomForest.pkl",
                "external_test/rf_output/random_forest_esm3_embeddings/model/model_parameters.json",
                "external_test/rf_output/random_forest_esm3_embeddings/predictions_test.parquet",
                "pipeline_info",
                "random",
                "random/data",
                "random/data/aacomp__test_balanced.h5",
                "random/data/aacomp__test_realistic.h5",
                "random/data/aacomp__train.h5",
                "random/data/aacomp__validation.h5",
                "random/ddi",
                "random/ddi/DDI",
                "random/ddi/DDI/test_balanced.csv",
                "random/ddi/DDI/test_balanced_instances.csv",
                "random/ddi/DDI/test_balanced_sources.csv",
                "random/ddi/DDI/test_realistic.csv",
                "random/ddi/DDI/test_realistic_instances.csv",
                "random/ddi/DDI/test_realistic_sources.csv",
                "random/ddi/DDI/train.csv",
                "random/ddi/DDI/train_instances.csv",
                "random/ddi/DDI/train_sources.csv",
                "random/ddi/DDI/validation.csv",
                "random/ddi/DDI/validation_instances.csv",
                "random/ddi/DDI/validation_sources.csv",
                "random/evaluation",
                "random/evaluation/balanced",
                "random/evaluation/balanced/combined_metrics_table_mqc.json",
                "random/evaluation/balanced/combined_pairwise_significance_mqc.json",
                "random/evaluation/balanced/combined_pr_mqc.json",
                "random/evaluation/balanced/combined_roc_mqc.json",
                "random/evaluation/balanced/database_analysis_random_balanced_db_mqc.json",
                "random/evaluation/balanced/ddi_betweenness_distribution_random_balanced_db_mqc.json",
                "random/evaluation/balanced/ddi_clustering_distribution_random_balanced_db_mqc.json",
                "random/evaluation/balanced/ddi_degree_distribution_random_balanced_db_mqc.json",
                "random/evaluation/balanced/ddi_report.html",
                "random/evaluation/balanced/ddi_report_data",
                "random/evaluation/balanced/ddi_report_data/llms-full.txt",
                "random/evaluation/balanced/ddi_report_data/multiqc.log",
                "random/evaluation/balanced/ddi_report_data/multiqc.parquet",
                "random/evaluation/balanced/ddi_report_data/multiqc_citations.txt",
                "random/evaluation/balanced/ddi_report_data/multiqc_combined_metrics_table.txt",
                "random/evaluation/balanced/ddi_report_data/multiqc_combined_pairwise_significance.txt",
                "random/evaluation/balanced/ddi_report_data/multiqc_combined_pr.txt",
                "random/evaluation/balanced/ddi_report_data/multiqc_combined_roc.txt",
                "random/evaluation/balanced/ddi_report_data/multiqc_data.json",
                "random/evaluation/balanced/ddi_report_data/multiqc_db_database_analysis_random_balanced.txt",
                "random/evaluation/balanced/ddi_report_data/multiqc_db_ddi_betweenness_distribution_random_balanced.txt",
                "random/evaluation/balanced/ddi_report_data/multiqc_db_ddi_clustering_distribution_random_balanced.txt",
                "random/evaluation/balanced/ddi_report_data/multiqc_db_ddi_degree_distribution_random_balanced.txt",
                "random/evaluation/balanced/ddi_report_data/multiqc_db_ppi_betweenness_distribution_random_balanced.txt",
                "random/evaluation/balanced/ddi_report_data/multiqc_db_ppi_clustering_distribution_random_balanced.txt",
                "random/evaluation/balanced/ddi_report_data/multiqc_db_ppi_degree_distribution_random_balanced.txt",
                "random/evaluation/balanced/ddi_report_data/multiqc_model_eval_metrics.txt",
                "random/evaluation/balanced/ddi_report_data/multiqc_sources.txt",
                "random/evaluation/balanced/model_eval_metrics_mqc.json",
                "random/evaluation/balanced/multiqc_config.yaml",
                "random/evaluation/balanced/ppi_betweenness_distribution_random_balanced_db_mqc.json",
                "random/evaluation/balanced/ppi_clustering_distribution_random_balanced_db_mqc.json",
                "random/evaluation/balanced/ppi_degree_distribution_random_balanced_db_mqc.json",
                "random/evaluation/balanced/source_accuracy.json",
                "random/evaluation/realistic",
                "random/evaluation/realistic/combined_metrics_table_mqc.json",
                "random/evaluation/realistic/combined_pairwise_significance_mqc.json",
                "random/evaluation/realistic/combined_pr_mqc.json",
                "random/evaluation/realistic/combined_roc_mqc.json",
                "random/evaluation/realistic/database_analysis_random_realistic_db_mqc.json",
                "random/evaluation/realistic/ddi_betweenness_distribution_random_realistic_db_mqc.json",
                "random/evaluation/realistic/ddi_clustering_distribution_random_realistic_db_mqc.json",
                "random/evaluation/realistic/ddi_degree_distribution_random_realistic_db_mqc.json",
                "random/evaluation/realistic/ddi_report.html",
                "random/evaluation/realistic/ddi_report_data",
                "random/evaluation/realistic/ddi_report_data/llms-full.txt",
                "random/evaluation/realistic/ddi_report_data/multiqc.log",
                "random/evaluation/realistic/ddi_report_data/multiqc.parquet",
                "random/evaluation/realistic/ddi_report_data/multiqc_citations.txt",
                "random/evaluation/realistic/ddi_report_data/multiqc_combined_metrics_table.txt",
                "random/evaluation/realistic/ddi_report_data/multiqc_combined_pairwise_significance.txt",
                "random/evaluation/realistic/ddi_report_data/multiqc_combined_pr.txt",
                "random/evaluation/realistic/ddi_report_data/multiqc_combined_roc.txt",
                "random/evaluation/realistic/ddi_report_data/multiqc_data.json",
                "random/evaluation/realistic/ddi_report_data/multiqc_db_database_analysis_random_realistic.txt",
                "random/evaluation/realistic/ddi_report_data/multiqc_db_ddi_betweenness_distribution_random_realistic.txt",
                "random/evaluation/realistic/ddi_report_data/multiqc_db_ddi_clustering_distribution_random_realistic.txt",
                "random/evaluation/realistic/ddi_report_data/multiqc_db_ddi_degree_distribution_random_realistic.txt",
                "random/evaluation/realistic/ddi_report_data/multiqc_db_ppi_betweenness_distribution_random_realistic.txt",
                "random/evaluation/realistic/ddi_report_data/multiqc_db_ppi_clustering_distribution_random_realistic.txt",
                "random/evaluation/realistic/ddi_report_data/multiqc_db_ppi_degree_distribution_random_realistic.txt",
                "random/evaluation/realistic/ddi_report_data/multiqc_model_eval_metrics.txt",
                "random/evaluation/realistic/ddi_report_data/multiqc_sources.txt",
                "random/evaluation/realistic/model_eval_metrics_mqc.json",
                "random/evaluation/realistic/multiqc_config.yaml",
                "random/evaluation/realistic/ppi_betweenness_distribution_random_realistic_db_mqc.json",
                "random/evaluation/realistic/ppi_clustering_distribution_random_realistic_db_mqc.json",
                "random/evaluation/realistic/ppi_degree_distribution_random_realistic_db_mqc.json",
                "random/evaluation/realistic/source_accuracy.json",
                "random/nn_output",
                "random/nn_output/neural_network_aacomp",
                "random/nn_output/neural_network_aacomp/model",
                "random/nn_output/neural_network_aacomp/model/NeuralNetwork.pkl",
                "random/nn_output/neural_network_aacomp/model/model_parameters.json",
                "random/nn_output/neural_network_aacomp/predictions_balanced.parquet",
                "random/nn_output/neural_network_aacomp/predictions_realistic.parquet",
                "random/nn_output/neural_network_all",
                "random/nn_output/neural_network_all/model",
                "random/nn_output/neural_network_all/model/NeuralNetwork.pkl",
                "random/nn_output/neural_network_all/model/model_parameters.json",
                "random/nn_output/neural_network_all/predictions_balanced.parquet",
                "random/nn_output/neural_network_all/predictions_realistic.parquet",
                "random/nn_output/neural_network_esm3_embeddings",
                "random/nn_output/neural_network_esm3_embeddings/model",
                "random/nn_output/neural_network_esm3_embeddings/model/NeuralNetwork.pkl",
                "random/nn_output/neural_network_esm3_embeddings/model/model_parameters.json",
                "random/nn_output/neural_network_esm3_embeddings/predictions_balanced.parquet",
                "random/nn_output/neural_network_esm3_embeddings/predictions_realistic.parquet",
                "random/rf_output",
                "random/rf_output/random_forest_aacomp",
                "random/rf_output/random_forest_aacomp/model",
                "random/rf_output/random_forest_aacomp/model/RandomForest.pkl",
                "random/rf_output/random_forest_aacomp/model/model_parameters.json",
                "random/rf_output/random_forest_aacomp/predictions_balanced.parquet",
                "random/rf_output/random_forest_aacomp/predictions_realistic.parquet",
                "random/rf_output/random_forest_all",
                "random/rf_output/random_forest_all/model",
                "random/rf_output/random_forest_all/model/RandomForest.pkl",
                "random/rf_output/random_forest_all/model/model_parameters.json",
                "random/rf_output/random_forest_all/predictions_balanced.parquet",
                "random/rf_output/random_forest_all/predictions_realistic.parquet",
                "random/rf_output/random_forest_esm3_embeddings",
                "random/rf_output/random_forest_esm3_embeddings/model",
                "random/rf_output/random_forest_esm3_embeddings/model/RandomForest.pkl",
                "random/rf_output/random_forest_esm3_embeddings/model/model_parameters.json",
                "random/rf_output/random_forest_esm3_embeddings/predictions_balanced.parquet",
                "random/rf_output/random_forest_esm3_embeddings/predictions_realistic.parquet"
            ],
            [
                "multiqc_citations.txt:md5,4c806e63a283ec1b7e78cdae3a923d4f",
                "multiqc_combined_ddi_betweenness_distribution_db.txt:md5,2a699c62b24282866c0db267d1311cbf",
                "multiqc_combined_ddi_betweenness_distribution_db_1.txt:md5,2a699c62b24282866c0db267d1311cbf",
                "multiqc_combined_ddi_betweenness_distribution_db_2.txt:md5,2a699c62b24282866c0db267d1311cbf",
                "multiqc_combined_ddi_clustering_distribution_db.txt:md5,2a699c62b24282866c0db267d1311cbf",
                "multiqc_combined_ddi_clustering_distribution_db_1.txt:md5,2a699c62b24282866c0db267d1311cbf",
                "multiqc_combined_ddi_clustering_distribution_db_2.txt:md5,2a699c62b24282866c0db267d1311cbf",
                "multiqc_combined_ddi_degree_distribution_db.txt:md5,332aab249da96925fcf0cb4136204cc4",
                "multiqc_combined_ddi_degree_distribution_db_1.txt:md5,332aab249da96925fcf0cb4136204cc4",
                "multiqc_combined_ddi_degree_distribution_db_2.txt:md5,332aab249da96925fcf0cb4136204cc4",
                "multiqc_combined_pairwise_significance_external_test.txt:md5,a344c1f744d4fd069d23c7ce21af3795",
                "multiqc_combined_pairwise_significance_random_balanced.txt:md5,1281a6286eb13c3ed946c68f59f6e128",
                "multiqc_combined_pairwise_significance_random_realistic.txt:md5,5ad51a57abe9212553bef539ae8c1fc8",
                "multiqc_combined_ppi_betweenness_distribution_db.txt:md5,2a699c62b24282866c0db267d1311cbf",
                "multiqc_combined_ppi_betweenness_distribution_db_1.txt:md5,2a699c62b24282866c0db267d1311cbf",
                "multiqc_combined_ppi_betweenness_distribution_db_2.txt:md5,2a699c62b24282866c0db267d1311cbf",
                "multiqc_combined_ppi_clustering_distribution_db.txt:md5,2a699c62b24282866c0db267d1311cbf",
                "multiqc_combined_ppi_clustering_distribution_db_1.txt:md5,2a699c62b24282866c0db267d1311cbf",
                "multiqc_combined_ppi_clustering_distribution_db_2.txt:md5,2a699c62b24282866c0db267d1311cbf",
                "multiqc_combined_ppi_degree_distribution_db.txt:md5,904936231f39830292152302f06cfe5e",
                "multiqc_combined_ppi_degree_distribution_db_1.txt:md5,2bd0de3c8329e7e7a3b45329366d2668",
                "multiqc_combined_ppi_degree_distribution_db_2.txt:md5,907926f222e285406b65740f4da23d46",
                "multiqc_combined_pr_curves.txt:md5,9bd01028339c383a2ecb5e8431eac42d",
                "multiqc_combined_pr_curves_1.txt:md5,62f4496caf2474a9423e690d872b38cd",
                "multiqc_combined_pr_curves_2.txt:md5,ff5b8632d18d90524c8501e22daefe54",
                "multiqc_combined_pr_curves_3.txt:md5,6fce0658791287dacff6d90ea9ad60c3",
                "multiqc_combined_pr_curves_4.txt:md5,247e1510448dfd4062eb15ecfc288f69",
                "multiqc_combined_pr_curves_5.txt:md5,23e7a1960423ef6cecb921474e5f36a1",
                "multiqc_combined_pr_curves_db_level.txt:md5,fd3014d3791b6bb1dc7c4612684be258",
                "multiqc_combined_pr_curves_db_level_1.txt:md5,79c39ada26b1a8aa1bd54e98189fed1a",
                "multiqc_combined_pr_curves_db_level_2.txt:md5,953923a9c5b30b11fae3db98423a206d",
                "multiqc_combined_roc_curves.txt:md5,d3b9587be0a7501ba976519fcf69fea2",
                "multiqc_combined_roc_curves_1.txt:md5,ffe6f7429dc68a588989d9c0af6d4186",
                "multiqc_combined_roc_curves_2.txt:md5,98c99b4a1c0e2528416720226adab26d",
                "multiqc_combined_roc_curves_3.txt:md5,5c9efb9322df7c97b3565ced1f82948e",
                "multiqc_combined_roc_curves_4.txt:md5,652549e73b57c4297ae7e9f7b16ebc8e",
                "multiqc_combined_roc_curves_5.txt:md5,3b8d3ad4947d1b0110803ec10acded7e",
                "multiqc_combined_roc_curves_db_level.txt:md5,f79310ec2fd035352911ebf5ec9988bd",
                "multiqc_combined_roc_curves_db_level_1.txt:md5,748ee36f4b39e1c3e1b928f98ffd995b",
                "multiqc_combined_roc_curves_db_level_2.txt:md5,f71a9f6afa4942f488d90811767d6ac5",
                "multiqc_db_database_analysis_external_test.txt:md5,6a9d7307303f592ef601280283ea21ec",
                "multiqc_db_database_analysis_random_balanced.txt:md5,4c7e3b6a4e6da426be0e3e41ebb41a4e",
                "multiqc_db_database_analysis_random_realistic.txt:md5,f873a8e6dd4a4a0772f1196ee32e47c5",
                "multiqc_model_eval_metrics_external_test.txt:md5,2b66392830f62175447b04e56db87c23",
                "multiqc_model_eval_metrics_random_balanced.txt:md5,3925da7df65b257ebf9f0402df9b5775",
                "multiqc_model_eval_metrics_random_realistic.txt:md5,ac2206ef35764e3585d14107f5d66fa8",
                "multiqc_model_performance_heatmap_pr.txt:md5,e1fb316389fcfb1d19ffd8112e39daa1",
                "multiqc_model_performance_heatmap_pr_ci.txt:md5,897e156cce4eaf90397aa3da79d7cd85",
                "multiqc_model_performance_heatmap_roc.txt:md5,d70be6918a8705b2f3b7f703725deeda",
                "multiqc_model_performance_heatmap_roc_ci.txt:md5,c087cce38340d08efe5f8b113d622192",
                "multiqc_source_accuracy_by_ddi_source.txt:md5,221bbde2168c1e63f3d3d9b603d0f6ea",
                "multiqc_source_accuracy_by_ddi_source_1.txt:md5,f8cfddfe0bea3e889f49d351a919089f",
                "multiqc_source_accuracy_by_ddi_source_2.txt:md5,58bf4e9cbbe5c2eb76cea1c0ccb30c1c",
                "multiqc_source_accuracy_by_ddi_source_3.txt:md5,3230c9c8621dd7ed796526c7d6763b5d",
                "combined_ddi_betweenness_distribution_db_mqc.json:md5,08d1c970dbb8c7ed14de12423023a587",
                "combined_ddi_clustering_distribution_db_mqc.json:md5,81906dd3fcb38fa253034ec14ccb89d6",
                "combined_ddi_degree_distribution_db_mqc.json:md5,bfdb8177cd5f46081c5354a3c7ab8271",
                "combined_pairwise_significance_external_test_mqc.json:md5,6b4ba50595c4aa845402156abd98423c",
                "combined_pairwise_significance_random_balanced_mqc.json:md5,558427a02a93400d1b1f7d495a4459c2",
                "combined_pairwise_significance_random_realistic_mqc.json:md5,12bb449701e7fbb798f85e901b1935fa",
                "combined_ppi_betweenness_distribution_db_mqc.json:md5,47032ed45a5819a05466f43cc2f58681",
                "combined_ppi_clustering_distribution_db_mqc.json:md5,a957e999ca150045463f7489c0fe1bca",
                "combined_ppi_degree_distribution_db_mqc.json:md5,c5489c7ed6d019c4e6e57da056cbf0b1",
                "combined_pr_curves_db_level_mqc.json:md5,f80bfd501b6de20d5cee3b199ab0cffc",
                "combined_pr_curves_mqc.json:md5,f29e5daed96766e555b1d15988bf3c63",
                "combined_roc_curves_db_level_mqc.json:md5,5ea428f00351c3d08cc6b0737a1cde51",
                "combined_roc_curves_mqc.json:md5,62e6af10b783ba74c4f571b591415309",
                "database_analysis_external_test_db_external_test_mqc.json:md5,d97f51bf88bfbe7347d1b07073b44f22",
                "database_analysis_random_balanced_db_random_balanced_mqc.json:md5,1a302f2d216cc9adb392841688d702a0",
                "database_analysis_random_realistic_db_random_realistic_mqc.json:md5,a60636de7e5d2f4facedd34660ea01e4",
                "model_eval_metrics_external_test_mqc.json:md5,5d0729399ede92dfe3e2c960b93af1e9",
                "model_eval_metrics_random_balanced_mqc.json:md5,e3266b624f5eacb05e383f360ea88c19",
                "model_eval_metrics_random_realistic_mqc.json:md5,822853e13b5f6a3234ca269471c9987c",
                "model_performance_heatmap_pr_ci_mqc.json:md5,9b126a0395a78197b47754f67d34241b",
                "model_performance_heatmap_pr_mqc.json:md5,59f058f3e9ef1489c2d4faa9f4b797ec",
                "model_performance_heatmap_roc_ci_mqc.json:md5,3f83f18c6123458a30d0e0a42314097b",
                "model_performance_heatmap_roc_mqc.json:md5,fd18ac1c014e677aac0e1f49905163ca",
                "multiqc_config.yaml:md5,f6350f1af5728649fa0359ec6f6636bf",
                "source_accuracy_by_ddi_source_mqc.json:md5,acf0905a191f54f2506507c263aa81c2",
                "aacomp__test.h5:md5,b40acaccacf4d0be2a20a8e494ee3d5e",
                "aacomp__train.h5:md5,9a9373bad71aa157ffde15bec0133ef5",
                "aacomp__validation.h5:md5,de35d31f24131070106f9dfbec965863",
                "test.csv:md5,6abdf941793d7beb38c1d3f05ff04a60",
                "test_instances.csv:md5,cd61b5eb4827d811080bc1697806e02f",
                "test_sources.csv:md5,3f83863f682b50fe0e826dc6319256e5",
                "train.csv:md5,6abdf941793d7beb38c1d3f05ff04a60",
                "train_instances.csv:md5,0f3ca0dc4ca0f1dd5deaf60edf625c34",
                "train_sources.csv:md5,3f83863f682b50fe0e826dc6319256e5",
                "validation.csv:md5,6abdf941793d7beb38c1d3f05ff04a60",
                "validation_instances.csv:md5,0dfdc72d7d0b8b755e6487d4e1a2db27",
                "validation_sources.csv:md5,3f83863f682b50fe0e826dc6319256e5",
                "combined_metrics_table_mqc.json:md5,b23519d2c32f7311cffd4396ef47508f",
                "combined_pairwise_significance_mqc.json:md5,b4c121c36f2d88109dc34929df795726",
                "combined_pr_mqc.json:md5,832544cb8c855da118fc7d823b84dc43",
                "combined_roc_mqc.json:md5,5ac780582a2bfbb2f4655e2f7ddabdd4",
                "database_analysis_external_test_db_mqc.json:md5,d97f51bf88bfbe7347d1b07073b44f22",
                "ddi_betweenness_distribution_external_test_db_mqc.json:md5,e6e1de2ace4b92e190899cc88de608bc",
                "ddi_clustering_distribution_external_test_db_mqc.json:md5,d0e6971e7462da9a76355676f01ad63f",
                "ddi_degree_distribution_external_test_db_mqc.json:md5,588b8fd92f44506567533e876855262b",
                "multiqc_citations.txt:md5,4c806e63a283ec1b7e78cdae3a923d4f",
                "multiqc_combined_metrics_table.txt:md5,60e433895af239712c204b2f8cd2ffe9",
                "multiqc_combined_pairwise_significance.txt:md5,a344c1f744d4fd069d23c7ce21af3795",
                "multiqc_combined_pr.txt:md5,fd3014d3791b6bb1dc7c4612684be258",
                "multiqc_combined_roc.txt:md5,f79310ec2fd035352911ebf5ec9988bd",
                "multiqc_db_database_analysis_external_test.txt:md5,6a9d7307303f592ef601280283ea21ec",
                "multiqc_db_ddi_betweenness_distribution_external_test.txt:md5,2a699c62b24282866c0db267d1311cbf",
                "multiqc_db_ddi_clustering_distribution_external_test.txt:md5,2a699c62b24282866c0db267d1311cbf",
                "multiqc_db_ddi_degree_distribution_external_test.txt:md5,332aab249da96925fcf0cb4136204cc4",
                "multiqc_db_ppi_betweenness_distribution_external_test.txt:md5,2a699c62b24282866c0db267d1311cbf",
                "multiqc_db_ppi_clustering_distribution_external_test.txt:md5,2a699c62b24282866c0db267d1311cbf",
                "multiqc_db_ppi_degree_distribution_external_test.txt:md5,904936231f39830292152302f06cfe5e",
                "multiqc_model_eval_metrics.txt:md5,2b66392830f62175447b04e56db87c23",
                "model_eval_metrics_mqc.json:md5,239e91310ca3538c9cdb0458a8efeb9c",
                "multiqc_config.yaml:md5,59eef7901d5bffbba4f2892861630fe0",
                "ppi_betweenness_distribution_external_test_db_mqc.json:md5,71221eae0d6cbff3e52133954e74a4bf",
                "ppi_clustering_distribution_external_test_db_mqc.json:md5,d696acf4e5939c2271a98283830333ee",
                "ppi_degree_distribution_external_test_db_mqc.json:md5,8418643f8c35fbefd381493feaaa07be",
                "source_accuracy.json:md5,c475f3a820df190f8a0155130d8d1c41",
                "NeuralNetwork.pkl:md5,975a286170523591d1b2bc5a5b33a5b2",
                "model_parameters.json:md5,20766e431cbaa981bf85a325b4b64c2f",
                "predictions_test.parquet:md5,6217ebc6996a2c549504fa26a39a8c3a",
                "NeuralNetwork.pkl:md5,0c4a74f75b11555fa25b6f5aa56207bb",
                "model_parameters.json:md5,baf702bae4b9868f8c11b439f34e9186",
                "predictions_test.parquet:md5,2779d656afe52742e4e94f0e16cf3c6f",
                "NeuralNetwork.pkl:md5,c3b1f9400fc78362f32f87b807e450c9",
                "model_parameters.json:md5,239439828aaa05741e3a9f039045e4e1",
                "predictions_test.parquet:md5,28a629c035c96bf7140eccda6797cf6c",
                "RandomForest.pkl:md5,4990ad0afc173894f9fec5c1160ef7fc",
                "model_parameters.json:md5,44ae5b5e8bd890a2ee806e01150771be",
                "predictions_test.parquet:md5,f83e10a146ab015c9244d8f51196dd95",
                "RandomForest.pkl:md5,0496a77a7c500811c4080520c2b1354c",
                "model_parameters.json:md5,276215f877c0492eb36cbe1d659fb999",
                "predictions_test.parquet:md5,7647d3664945e48769f18ba83e58dcb5",
                "RandomForest.pkl:md5,562b531b6aacabf63751b69440b57120",
                "model_parameters.json:md5,ce4f089fde941b34c2ee626a679ca648",
                "predictions_test.parquet:md5,61460d260f342d7ecd980be769e44097",
                "aacomp__test_balanced.h5:md5,f31329df9c429dc35382723b5f7621e5",
                "aacomp__test_realistic.h5:md5,22c65d89485d418a31cb44e14be18b3a",
                "aacomp__train.h5:md5,cf6c991de57f266535a91e0e564d54e1",
                "aacomp__validation.h5:md5,75da8fbd81ca4d24d83d0528f0575f4a",
                "test_balanced.csv:md5,6abdf941793d7beb38c1d3f05ff04a60",
                "test_balanced_instances.csv:md5,9cbbec3102a5b2a019932df3deaccb4e",
                "test_balanced_sources.csv:md5,3f83863f682b50fe0e826dc6319256e5",
                "test_realistic.csv:md5,6abdf941793d7beb38c1d3f05ff04a60",
                "test_realistic_instances.csv:md5,12b801420f71b34afb4d8c1d9544a657",
                "test_realistic_sources.csv:md5,3f83863f682b50fe0e826dc6319256e5",
                "train.csv:md5,6abdf941793d7beb38c1d3f05ff04a60",
                "train_instances.csv:md5,feb822e15630d1b0c5cf40c9725c7517",
                "train_sources.csv:md5,3f83863f682b50fe0e826dc6319256e5",
                "validation.csv:md5,6abdf941793d7beb38c1d3f05ff04a60",
                "validation_instances.csv:md5,ba26b5aafa27fa86035906d48a8ba5bb",
                "validation_sources.csv:md5,3f83863f682b50fe0e826dc6319256e5",
                "combined_metrics_table_mqc.json:md5,b004dffb8a5a089c305111cd07e070ec",
                "combined_pairwise_significance_mqc.json:md5,2a24a8bdd06d36132cde537b272571ef",
                "combined_pr_mqc.json:md5,8cb24c4d64bc74d2c3cafdd7ccbcc301",
                "combined_roc_mqc.json:md5,df238526687af24552082c1232a60e32",
                "database_analysis_random_balanced_db_mqc.json:md5,1a302f2d216cc9adb392841688d702a0",
                "ddi_betweenness_distribution_random_balanced_db_mqc.json:md5,cee9f43d2dfe8d6f5fd3022bf345afdd",
                "ddi_clustering_distribution_random_balanced_db_mqc.json:md5,c7fefd4e61b262d8dda479a6ee96f575",
                "ddi_degree_distribution_random_balanced_db_mqc.json:md5,dc3c1594d13171f78fe96fa69a7dd052",
                "multiqc_citations.txt:md5,4c806e63a283ec1b7e78cdae3a923d4f",
                "multiqc_combined_metrics_table.txt:md5,51909a9ff35e5d39dce2bed3cc8a643f",
                "multiqc_combined_pairwise_significance.txt:md5,1281a6286eb13c3ed946c68f59f6e128",
                "multiqc_combined_pr.txt:md5,79c39ada26b1a8aa1bd54e98189fed1a",
                "multiqc_combined_roc.txt:md5,748ee36f4b39e1c3e1b928f98ffd995b",
                "multiqc_db_database_analysis_random_balanced.txt:md5,4c7e3b6a4e6da426be0e3e41ebb41a4e",
                "multiqc_db_ddi_betweenness_distribution_random_balanced.txt:md5,2a699c62b24282866c0db267d1311cbf",
                "multiqc_db_ddi_clustering_distribution_random_balanced.txt:md5,2a699c62b24282866c0db267d1311cbf",
                "multiqc_db_ddi_degree_distribution_random_balanced.txt:md5,332aab249da96925fcf0cb4136204cc4",
                "multiqc_db_ppi_betweenness_distribution_random_balanced.txt:md5,2a699c62b24282866c0db267d1311cbf",
                "multiqc_db_ppi_clustering_distribution_random_balanced.txt:md5,2a699c62b24282866c0db267d1311cbf",
                "multiqc_db_ppi_degree_distribution_random_balanced.txt:md5,2bd0de3c8329e7e7a3b45329366d2668",
                "multiqc_model_eval_metrics.txt:md5,3925da7df65b257ebf9f0402df9b5775",
                "model_eval_metrics_mqc.json:md5,34c252ae63a25ae9f71f7e3774ef9de1",
                "multiqc_config.yaml:md5,71bb482cd105512d69f9b92cf9b2a043",
                "ppi_betweenness_distribution_random_balanced_db_mqc.json:md5,a21c4fb568cfbeaa60a15c6c96eda5d1",
                "ppi_clustering_distribution_random_balanced_db_mqc.json:md5,88241104ddb7b99a841f579446158234",
                "ppi_degree_distribution_random_balanced_db_mqc.json:md5,c633eb85a77b6585fb25e51a37b6999a",
                "source_accuracy.json:md5,7164c85fc8c0c3fd9e99cf0395df68a3",
                "combined_metrics_table_mqc.json:md5,78fcdbde9a19d12a6df3d2ed9fd2c12b",
                "combined_pairwise_significance_mqc.json:md5,684976361172c198ed9d6db97589f3b7",
                "combined_pr_mqc.json:md5,1ef852ffc3cd0ea6b1d9b2677f02fe97",
                "combined_roc_mqc.json:md5,7aeb8382acaf0d958b73b222207387d2",
                "database_analysis_random_realistic_db_mqc.json:md5,a60636de7e5d2f4facedd34660ea01e4",
                "ddi_betweenness_distribution_random_realistic_db_mqc.json:md5,1545417fad1f31346055d11cdc9a1b7e",
                "ddi_clustering_distribution_random_realistic_db_mqc.json:md5,82c6932e4e6fb64a3622b13c7f66c6f0",
                "ddi_degree_distribution_random_realistic_db_mqc.json:md5,527e2ad21ba60821be1b5a2073bb4f69",
                "multiqc_citations.txt:md5,4c806e63a283ec1b7e78cdae3a923d4f",
                "multiqc_combined_metrics_table.txt:md5,b41541d5ee11365a55e73c525556514b",
                "multiqc_combined_pairwise_significance.txt:md5,5ad51a57abe9212553bef539ae8c1fc8",
                "multiqc_combined_pr.txt:md5,953923a9c5b30b11fae3db98423a206d",
                "multiqc_combined_roc.txt:md5,f71a9f6afa4942f488d90811767d6ac5",
                "multiqc_db_database_analysis_random_realistic.txt:md5,f873a8e6dd4a4a0772f1196ee32e47c5",
                "multiqc_db_ddi_betweenness_distribution_random_realistic.txt:md5,2a699c62b24282866c0db267d1311cbf",
                "multiqc_db_ddi_clustering_distribution_random_realistic.txt:md5,2a699c62b24282866c0db267d1311cbf",
                "multiqc_db_ddi_degree_distribution_random_realistic.txt:md5,332aab249da96925fcf0cb4136204cc4",
                "multiqc_db_ppi_betweenness_distribution_random_realistic.txt:md5,2a699c62b24282866c0db267d1311cbf",
                "multiqc_db_ppi_clustering_distribution_random_realistic.txt:md5,2a699c62b24282866c0db267d1311cbf",
                "multiqc_db_ppi_degree_distribution_random_realistic.txt:md5,907926f222e285406b65740f4da23d46",
                "multiqc_model_eval_metrics.txt:md5,ac2206ef35764e3585d14107f5d66fa8",
                "model_eval_metrics_mqc.json:md5,9cd008d7a9e72ad3693fcfdf1cf94fdb",
                "multiqc_config.yaml:md5,47637b4e6cf140c42093ee225ba9009f",
                "ppi_betweenness_distribution_random_realistic_db_mqc.json:md5,65f267be1e322a797e8903f827987c1d",
                "ppi_clustering_distribution_random_realistic_db_mqc.json:md5,eab5082e11bb60e83dbe0c848b207df5",
                "ppi_degree_distribution_random_realistic_db_mqc.json:md5,c927bae00c56268cfb9bdbc595bcbc3c",
                "source_accuracy.json:md5,b99937153ad00f467b1ed58a9091d1e8",
                "NeuralNetwork.pkl:md5,89eda15b33b2d08824ac443dae801563",
                "model_parameters.json:md5,847fdca78c669f7e5069277db4889827",
                "predictions_balanced.parquet:md5,966279ea4fa7b81b6c4fe51449e40ab9",
                "predictions_realistic.parquet:md5,185737b8ce27f65892203d47e45aef97",
                "NeuralNetwork.pkl:md5,ea32dd93c09db7aa690f6a25948a2152",
                "model_parameters.json:md5,1b121494cf6769a904f48a63f9021a79",
                "predictions_balanced.parquet:md5,858a6cf13be46024ad42779b666fbf4a",
                "predictions_realistic.parquet:md5,c07743be4b248be885be7d2bb3582744",
                "NeuralNetwork.pkl:md5,54fa14b585db0ead8583ba4194a7bc2a",
                "model_parameters.json:md5,6132f69d8c12688d4435224b9f2b634f",
                "predictions_balanced.parquet:md5,9df297497ed19c17089afcc3c3fe0f58",
                "predictions_realistic.parquet:md5,d6ca2bffd85b89333fcbe5dc6bce755c",
                "RandomForest.pkl:md5,92dae72a063e3fa740eb99efd58937f4",
                "model_parameters.json:md5,5ffc1d44c7b293008cd943bb9a19e4af",
                "predictions_balanced.parquet:md5,80b26768d811d8f3e221920ecdce8dab",
                "predictions_realistic.parquet:md5,a672fa17daac6d0cbcf55df8014a4d87",
                "RandomForest.pkl:md5,14db6306c0faed2ae07c082c30b06ed5",
                "model_parameters.json:md5,a4ee5508050ebf201ad239606ac7368c",
                "predictions_balanced.parquet:md5,8a7c5aeccb198219a9f78f5c7c3fb41a",
                "predictions_realistic.parquet:md5,899b12a0a08ceac1b67fe58fdbab831f",
                "RandomForest.pkl:md5,e0f44cc430194ae803c8fb2d103b6fce",
                "model_parameters.json:md5,ac16b19cdeeb715fdf28e26e00bb3fda",
                "predictions_balanced.parquet:md5,eab5f4c63b626235272e684e0de26eb9",
                "predictions_realistic.parquet:md5,9defdbb4d1c9e133b61283edbae31a4b"
            ]
        ],
        "timestamp": "2026-08-28T16:58:53.103808924",
        "meta": {
            "nf-test": "0.9.5",
            "nextflow": "26.04.0"
        }
    }
}